I'm sorry, but errors were detected in your script. Please correct the
errors listed below, and try again.


File "game/script.rpy", line 51: show statement expects a non-empty block.
    show Luma happy at sprite_carpos:
                                     ^

Ren'Py Version: Ren'Py 8.5.3.26051504
Fri Jun  5 15:04:00 2026
